src/components/Dashboard.tsx(12,22): error TS2305: Module '"../types"' has no exported member 'CandleData'.
src/components/Dashboard.tsx(142,29): error TS2339: Property 'PRACTICE' does not exist on type 'typeof MarketMode'.
src/components/Dashboard.tsx(220,40): error TS2339: Property 'PRACTICE' does not exist on type 'typeof MarketMode'.
src/components/Layout.tsx(31,49): error TS2339: Property 'PRACTICE' does not exist on type 'typeof MarketMode'.
src/components/Layout.tsx(32,93): error TS2339: Property 'PRACTICE' does not exist on type 'typeof MarketMode'.
src/components/PracticeSelector.tsx(4,10): error TS2305: Module '"../types"' has no exported member 'CandleData'.
src/components/StockChart.tsx(15,10): error TS2305: Module '"../types"' has no exported member 'CandleData'.
src/components/TradePanel.tsx(4,10): error TS2305: Module '"../types"' has no exported member 'OrderType'.
src/context/AuthContext.tsx(3,10): error TS2305: Module '"../types"' has no exported member 'AuthState'.
src/context/TradingContext.tsx(3,22): error TS2305: Module '"../types"' has no exported member 'Position'.
src/context/TradingContext.tsx(3,39): error TS2305: Module '"../types"' has no exported member 'OrderType'.
src/context/TradingContext.tsx(3,50): error TS2305: Module '"../types"' has no exported member 'UserState'.
src/context/TradingContext.tsx(3,61): error TS2305: Module '"../types"' has no exported member 'ReplayState'.
src/context/TradingContext.tsx(3,74): error TS2305: Module '"../types"' has no exported member 'CandleData'.
src/context/TradingContext.tsx(88,24): error TS2339: Property 'PRACTICE' does not exist on type 'typeof MarketMode'.
src/context/TradingContext.tsx(151,17): error TS2353: Object literal may only specify known properties, and 'type' does not exist in type 'Trade'.
